----------------------------------------
Exception occurred during processing of request from ('127.0.0.1', 56798)
Traceback (most recent call last):
  File "/data/data/com.termux/files/usr/lib/python3.13/socketserver.py", line 697, in process_request_thread
    self.finish_request(request, client_address)
    ~~~~~~~~~~~~~~~~~~~^^^^^^^^^^^^^^^^^^^^^^^^^
  File "/data/data/com.termux/files/usr/lib/python3.13/socketserver.py", line 362, in finish_request
    self.RequestHandlerClass(request, client_address, self)
    ~~~~~~~~~~~~~~~~~~~~~~~~^^^^^^^^^^^^^^^^^^^^^^^^^^^^^^^
  File "/data/data/com.termux/files/usr/lib/python3.13/socketserver.py", line 766, in __init__
    self.handle()
    ~~~~~~~~~~~^^
  File "/data/data/com.termux/files/usr/lib/python3.13/http/server.py", line 447, in handle
    self.handle_one_request()
    ~~~~~~~~~~~~~~~~~~~~~~~^^
  File "/data/data/com.termux/files/usr/lib/python3.13/http/server.py", line 435, in handle_one_request
    method()
    ~~~~~~^^
  File "/data/data/com.termux/files/home/business-site/app.py", line 2327, in do_GET
    admin_page()
    ~~~~~~~~~~^^
  File "/data/data/com.termux/files/home/business-site/app.py", line 1899, in admin_page
    (p["visitor_id"],)
     ~^^^^^^^^^^^^^^
IndexError: No item with that key
----------------------------------------
----------------------------------------
Exception occurred during processing of request from ('127.0.0.1', 56800)
Traceback (most recent call last):
  File "/data/data/com.termux/files/usr/lib/python3.13/socketserver.py", line 697, in process_request_thread
    self.finish_request(request, client_address)
    ~~~~~~~~~~~~~~~~~~~^^^^^^^^^^^^^^^^^^^^^^^^^
  File "/data/data/com.termux/files/usr/lib/python3.13/socketserver.py", line 362, in finish_request
    self.RequestHandlerClass(request, client_address, self)
    ~~~~~~~~~~~~~~~~~~~~~~~~^^^^^^^^^^^^^^^^^^^^^^^^^^^^^^^
  File "/data/data/com.termux/files/usr/lib/python3.13/socketserver.py", line 766, in __init__
    self.handle()
    ~~~~~~~~~~~^^
  File "/data/data/com.termux/files/usr/lib/python3.13/http/server.py", line 447, in handle
    self.handle_one_request()
    ~~~~~~~~~~~~~~~~~~~~~~~^^
  File "/data/data/com.termux/files/usr/lib/python3.13/http/server.py", line 435, in handle_one_request
    method()
    ~~~~~~^^
  File "/data/data/com.termux/files/home/business-site/app.py", line 2327, in do_GET
    admin_page()
    ~~~~~~~~~~^^
  File "/data/data/com.termux/files/home/business-site/app.py", line 1899, in admin_page
    (p["visitor_id"],)
     ~^^^^^^^^^^^^^^
IndexError: No item with that key
----------------------------------------
